* ******************************************************************************

* iCEcube Report

* Version:            2017.08.27940

* Build Date:         Sep 11 2017 16:52:36

* File Generated:     Aug 19 2020 11:46:15

* Purpose:            General info of design implementation

* Copyright (C) 2006-2010 by Lattice Semiconductor Corp. All rights reserved.

* ******************************************************************************

Synthesis/Placement Summary:
----------------------------
    Status:  Successful
    Runtime: 0 seconds

Device Info:
------------
    Device Family: iCE40
    Device:        iCE40HX1K
    Package:       VQ100

Design statistics:
------------------
    FFs:                  22
    LUTs:                 62
    RAMs:                 0
    IOBs:                 16
    GBs:                  1
    PLLs:                 0
    Warm Boots:           0

Logic Resource Utilization:
---------------------------
    Total Logic Cells: 62/1280
        Combinational Logic Cells: 40       out of   1280      3.125%
        Sequential Logic Cells:    22       out of   1280      1.71875%
        Logic Tiles:               14       out of   160       8.75%
    Registers: 
        Logic Registers:           22       out of   1280      1.71875%
        IO Registers:              0        out of   560       0
    Block RAMs:                    0        out of   16        0%
    Warm Boots:                    0        out of   1         0%
    Pins:
        Input Pins:                2        out of   72        2.77778%
        Output Pins:               14       out of   72        19.4444%
        InOut Pins:                0        out of   72        0%
    Global Buffers:                1        out of   8         12.5%
    PLLs:                          0        out of   0       

IO Bank Utilization:
--------------------
    Bank 3: 6        out of   18        33.3333%
    Bank 1: 1        out of   19        5.26316%
    Bank 0: 9        out of   19        47.3684%
    Bank 2: 0        out of   16        0%

Detailed I/O Info:
------------------
    Input Pins: 
    Pin Number  Direction  IO Standard  Pull Up  IO Bank  IO Function    Signal Name   
    ----------  ---------  -----------  -------  -------  -----------    -----------   
    15          Input      SB_LVCMOS    No       3        Simple Input   i_Clk         
    73          Input      SB_LVCMOS    No       1        Simple Input   i_UART_RX     

    Output Pins: 
    Pin Number  Direction  IO Standard  Pull Up  IO Bank  IO Function    Signal Name   
    ----------  ---------  -----------  -------  -------  -----------    -----------   
    1           Output     SB_LVCMOS    No       3        Simple Output  o_Segment1_F  
    2           Output     SB_LVCMOS    No       3        Simple Output  o_Segment1_G  
    3           Output     SB_LVCMOS    No       3        Simple Output  o_Segment1_A  
    4           Output     SB_LVCMOS    No       3        Simple Output  o_Segment1_B  
    8           Output     SB_LVCMOS    No       3        Simple Output  o_Segment2_F  
    90          Output     SB_LVCMOS    No       0        Simple Output  o_Segment1_E  
    91          Output     SB_LVCMOS    No       0        Simple Output  o_Segment1_D  
    93          Output     SB_LVCMOS    No       0        Simple Output  o_Segment1_C  
    94          Output     SB_LVCMOS    No       0        Simple Output  o_Segment2_E  
    95          Output     SB_LVCMOS    No       0        Simple Output  o_Segment2_D  
    96          Output     SB_LVCMOS    No       0        Simple Output  o_Segment2_G  
    97          Output     SB_LVCMOS    No       0        Simple Output  o_Segment2_C  
    99          Output     SB_LVCMOS    No       0        Simple Output  o_Segment2_B  
    100         Output     SB_LVCMOS    No       0        Simple Output  o_Segment2_A  

Detailed Global Buffer Info:
----------------------------
    Buffer Number  IO Bank  Driven By  Fanout  Signal Name
    -------------  -------  ---------  ------  -----------
    1              3        IO         22      i_Clk_c_g  


Router Summary:
---------------
    Status:  Successful
    Runtime: 3 seconds

Routing Resource Utilization:
-----------------------------
              Local line of tile      454 out of  28666      1.58376%
                          Span 4       42 out of   6944      0.604839%
                         Span 12       12 out of   1440      0.833333%
                  Global network        1 out of      8      12.5%
      Vertical Inter-LUT Connect       17 out of   1120      1.51786%

